---
source: numbat/tests/prelude_and_examples.rs
expression: output
input_file: examples/runtime_error/str_repeat_infinite.nbt
---
error: runtime error
   ┌─ Module 'core::strings', File [PRELUDE_FILE]:76:10
   │
76 │     then error("Cannot repeat a string an infinite number of times")
   │          ^^^^^^^^^^^^^^^^^^^^^^^^^^^^^^^^^^^^^^^^^^^^^^^^^^^^^^^^^^^
   │
   ┌─ <internal:3>:1:1
   │
 1 │ str_repeat(inf, "x")
   │ ^^^^^^^^^^^^^^^^^^^^
   │
   = User error: Cannot repeat a string an infinite number of times

help: Backtrace:
 = 0: error("Cannot repeat a string an infinite number of times")
   	at str_repeat - Module 'core::strings', File [PRELUDE_FILE]:76:10
 = 1: str_repeat(inf, "x")
   	at <main> - <internal:3>:1:0
